Warning: You are sending unauthenticated requests to the HF Hub. Please set a HF_TOKEN to enable higher rate limits and faster downloads.
C:\Users\inbox\anaconda3\envs\adapt-lab\Lib\site-packages\huggingface_hub\file_download.py:143: UserWarning: `huggingface_hub` cache-system uses symlinks by default to efficiently store duplicated files but your machine does not support them in C:\Users\inbox\.cache\huggingface\hub\datasets--HuggingFaceFW--fineweb-2. Caching files will still work but in a degraded version that might require more space on your disk. This warning can be disabled by setting the `HF_HUB_DISABLE_SYMLINKS_WARNING` environment variable. For more details, see https://huggingface.co/docs/huggingface_hub/how-to-cache#limitations.
To support symlinks on Windows, you either need to activate Developer Mode or to run Python as an administrator. In order to activate developer mode, see this article: https://docs.microsoft.com/en-us/windows/apps/get-started/enable-your-device-for-development
  warnings.warn(message)
wrote C:\PK\Github-Projects\ggml-inference-lab\data\adapt\hi_test.jsonl: 3000 docs, 7.8M chars
  5000 docs, 13M chars, 6s
  10000 docs, 27M chars, 6s
  15000 docs, 39M chars, 6s
  20000 docs, 51M chars, 8s
  25000 docs, 65M chars, 9s
  30000 docs, 78M chars, 9s
  35000 docs, 91M chars, 9s
  40000 docs, 105M chars, 10s
  45000 docs, 118M chars, 11s
  50000 docs, 132M chars, 11s
  55000 docs, 145M chars, 12s
  60000 docs, 158M chars, 13s
  65000 docs, 171M chars, 13s
  70000 docs, 184M chars, 14s
  75000 docs, 196M chars, 14s
  80000 docs, 209M chars, 15s
  85000 docs, 223M chars, 16s
  90000 docs, 236M chars, 16s
  95000 docs, 249M chars, 17s
  100000 docs, 262M chars, 18s
  105000 docs, 276M chars, 18s
  110000 docs, 291M chars, 18s
  115000 docs, 304M chars, 20s
  120000 docs, 317M chars, 21s
  125000 docs, 330M chars, 21s
  130000 docs, 342M chars, 22s
  135000 docs, 354M chars, 23s
  140000 docs, 367M chars, 23s
  145000 docs, 380M chars, 23s
  150000 docs, 393M chars, 24s
C:\Users\inbox\anaconda3\envs\adapt-lab\Lib\site-packages\huggingface_hub\file_download.py:143: UserWarning: `huggingface_hub` cache-system uses symlinks by default to efficiently store duplicated files but your machine does not support them in C:\Users\inbox\.cache\huggingface\hub\datasets--HuggingFaceFW--fineweb-edu. Caching files will still work but in a degraded version that might require more space on your disk. This warning can be disabled by setting the `HF_HUB_DISABLE_SYMLINKS_WARNING` environment variable. For more details, see https://huggingface.co/docs/huggingface_hub/how-to-cache#limitations.
To support symlinks on Windows, you either need to activate Developer Mode or to run Python as an administrator. In order to activate developer mode, see this article: https://docs.microsoft.com/en-us/windows/apps/get-started/enable-your-device-for-development
  warnings.warn(message)
wrote C:\PK\Github-Projects\ggml-inference-lab\data\adapt\hi_train.jsonl: 152730 docs, 400.0M chars
  5000 docs, 24M chars, 5s
  10000 docs, 47M chars, 5s
wrote C:\PK\Github-Projects\ggml-inference-lab\data\adapt\en_train.jsonl: 12814 docs, 60.0M chars
wrote C:\PK\Github-Projects\ggml-inference-lab\data\adapt\en_test.jsonl 65 articles
FETCH-DONE
